
root@wsstation:/# ros2 topic list
/clicked_point
/disturbance                            # no topic to be published
/initialpose                            # no topic to be published
/joint_command              # controller(server) -> model(client)
/joint_states               # model(client) -> model(client)   internally only
/move_base_simple/goal                  # no topic to be published
/parameter_events                       # no topic to be published
/pendulum_controller/transition_event   # no topic to be published
/pendulum_driver/transition_event       # no topic to be published
/pendulum_joint_states      # model(client)  -> controller(server)
/robot_description                      # no topic to be published
/rosout
/teleop
/tf
/tf_static
root@wsstation:/#



root@wsstation:/# ros2 node list
/pendulum_controller
/pendulum_driver
/pendulum_state_publisher
/robot_state_publisher
/rviz2
/transform_listener_impl_5628f35d9da0
root@wsstation:/#




root@wsstation:/# ros2 service list
/pendulum_controller/change_state
/pendulum_controller/describe_parameters
/pendulum_controller/get_available_states
/pendulum_controller/get_available_transitions
/pendulum_controller/get_parameter_types
/pendulum_controller/get_parameters
/pendulum_controller/get_state
/pendulum_controller/get_transition_graph
/pendulum_controller/list_parameters
/pendulum_controller/set_parameters
/pendulum_controller/set_parameters_atomically
/pendulum_driver/change_state
/pendulum_driver/describe_parameters
/pendulum_driver/get_available_states
/pendulum_driver/get_available_transitions
/pendulum_driver/get_parameter_types
/pendulum_driver/get_parameters
/pendulum_driver/get_state
/pendulum_driver/get_transition_graph
/pendulum_driver/list_parameters
/pendulum_driver/set_parameters
/pendulum_driver/set_parameters_atomically
/pendulum_state_publisher/describe_parameters
/pendulum_state_publisher/get_parameter_types
/pendulum_state_publisher/get_parameters
/pendulum_state_publisher/list_parameters
/pendulum_state_publisher/set_parameters
/pendulum_state_publisher/set_parameters_atomically
/robot_state_publisher/describe_parameters
/robot_state_publisher/get_parameter_types
/robot_state_publisher/get_parameters
/robot_state_publisher/list_parameters
/robot_state_publisher/set_parameters
/robot_state_publisher/set_parameters_atomically
/rviz2/describe_parameters
/rviz2/get_parameter_types
/rviz2/get_parameters
/rviz2/list_parameters
/rviz2/set_parameters
/rviz2/set_parameters_atomically


root@wsstation:/# ros2 param list
/pendulum_controller:
  command_topic_name
  controller.feedback_matrix
  deadline_duration_ms
  enable_topic_stats
  state_topic_name
  teleop_topic_name
  topic_stats_publish_period_ms
  topic_stats_topic_name
  use_sim_time
/pendulum_driver:
  cart_base_joint_name
  command_topic_name
  deadline_duration_ms
  disturbance_topic_name
  driver.cart_mass
  driver.damping_coefficient
  driver.gravity
  driver.max_cart_force
  driver.noise_level
  driver.pendulum_length
  driver.pendulum_mass
  enable_topic_stats
  pole_joint_name
  state_publish_period_us
  state_topic_name
  topic_stats_publish_period_ms
  topic_stats_topic_name
  use_sim_time
/pendulum_state_publisher:
  use_sim_time
/robot_state_publisher:
  frame_prefix
  ignore_timestamp
  publish_frequency
  robot_description
  use_sim_time
  use_tf_static
/rviz2:
  use_sim_time



=============================================================
root@wsstation:~# ros2 param dump /pendulum_controller
Saving to:  ./pendulum_controller.yaml
root@wsstation:~# ls
pendulum_controller.yaml  ros2_symlink  ros2_ws
root@wsstation:~# vi pendulum_controller.yaml
bash: vi: command not found
root@wsstation:~# cat pendulum_controller.yaml
/pendulum_controller:
  ros__parameters:
    command_topic_name: joint_command
    controller:
      feedback_matrix:
      - -10.0
      - -51.5393
      - 356.8637
      - 154.4146
    deadline_duration_ms: 0
    enable_topic_stats: false
    state_topic_name: pendulum_joint_states
    teleop_topic_name: teleop
    topic_stats_publish_period_ms: 1000
    topic_stats_topic_name: controller_stats
    use_sim_time: false
root@wsstation:~# ros2 param dump /pendulum_driver
Saving to:  ./pendulum_driver.yaml
root@wsstation:~# cat pendulum_driver.yaml
/pendulum_driver:
  ros__parameters:
    cart_base_joint_name: cart_base_joint
    command_topic_name: joint_command
    deadline_duration_ms: 0
    disturbance_topic_name: disturbance
    driver:
      cart_mass: 5.0
      damping_coefficient: 20.0
      gravity: -9.8
      max_cart_force: 1000.0
      noise_level: 1.0
      pendulum_length: 2.0
      pendulum_mass: 1.0
    enable_topic_stats: false
    pole_joint_name: pole_joint
    state_publish_period_us: 10000
    state_topic_name: pendulum_joint_states
    topic_stats_publish_period_ms: 1000
    topic_stats_topic_name: driver_stats
    use_sim_time: false
root@wsstation:~#


====================================================

root@wsstation:/# ros2 interface list
Messages:
    action_msgs/msg/GoalInfo
    action_msgs/msg/GoalStatus
    action_msgs/msg/GoalStatusArray
    actionlib_msgs/msg/GoalID
    actionlib_msgs/msg/GoalStatus
    actionlib_msgs/msg/GoalStatusArray
    builtin_interfaces/msg/Duration
    builtin_interfaces/msg/Time
    diagnostic_msgs/msg/DiagnosticArray
    diagnostic_msgs/msg/DiagnosticStatus
    diagnostic_msgs/msg/KeyValue
    geometry_msgs/msg/Accel
    geometry_msgs/msg/AccelStamped
    geometry_msgs/msg/AccelWithCovariance
    geometry_msgs/msg/AccelWithCovarianceStamped
    geometry_msgs/msg/Inertia
    geometry_msgs/msg/InertiaStamped
    geometry_msgs/msg/Point
    geometry_msgs/msg/Point32
    geometry_msgs/msg/PointStamped
    geometry_msgs/msg/Polygon
    geometry_msgs/msg/PolygonStamped
    geometry_msgs/msg/Pose
    geometry_msgs/msg/Pose2D
    geometry_msgs/msg/PoseArray
    geometry_msgs/msg/PoseStamped
    geometry_msgs/msg/PoseWithCovariance
    geometry_msgs/msg/PoseWithCovarianceStamped
    geometry_msgs/msg/Quaternion
    geometry_msgs/msg/QuaternionStamped
    geometry_msgs/msg/Transform
    geometry_msgs/msg/TransformStamped
    geometry_msgs/msg/Twist
    geometry_msgs/msg/TwistStamped
    geometry_msgs/msg/TwistWithCovariance
    geometry_msgs/msg/TwistWithCovarianceStamped
    geometry_msgs/msg/Vector3
    geometry_msgs/msg/Vector3Stamped
    geometry_msgs/msg/Wrench
    geometry_msgs/msg/WrenchStamped
    libstatistics_collector/msg/DummyMessage
    lifecycle_msgs/msg/State
    lifecycle_msgs/msg/Transition
    lifecycle_msgs/msg/TransitionDescription
    lifecycle_msgs/msg/TransitionEvent
    map_msgs/msg/OccupancyGridUpdate
    map_msgs/msg/PointCloud2Update
    map_msgs/msg/ProjectedMap
    map_msgs/msg/ProjectedMapInfo
    nav_msgs/msg/GridCells
    nav_msgs/msg/MapMetaData
    nav_msgs/msg/OccupancyGrid
    nav_msgs/msg/Odometry
    nav_msgs/msg/Path
    pendulum2_msgs/msg/JointCommand
    pendulum2_msgs/msg/JointCommandStamped
    pendulum2_msgs/msg/JointState
    pendulum2_msgs/msg/PendulumTeleop
    plotjuggler_msgs/msg/DataPoint
    plotjuggler_msgs/msg/DataPoints
    plotjuggler_msgs/msg/Dictionary
    plotjuggler_msgs/msg/StatisticsNames
    plotjuggler_msgs/msg/StatisticsValues
    rcl_interfaces/msg/FloatingPointRange
    rcl_interfaces/msg/IntegerRange
    rcl_interfaces/msg/ListParametersResult
    rcl_interfaces/msg/Log
    rcl_interfaces/msg/Parameter
    rcl_interfaces/msg/ParameterDescriptor
    rcl_interfaces/msg/ParameterEvent
    rcl_interfaces/msg/ParameterEventDescriptors
    rcl_interfaces/msg/ParameterType
    rcl_interfaces/msg/ParameterValue
    rcl_interfaces/msg/SetParametersResult
    rmw_dds_common/msg/Gid
    rmw_dds_common/msg/NodeEntitiesInfo
    rmw_dds_common/msg/ParticipantEntitiesInfo
    rosgraph_msgs/msg/Clock
    sensor_msgs/msg/BatteryState
    sensor_msgs/msg/CameraInfo
    sensor_msgs/msg/ChannelFloat32
    sensor_msgs/msg/CompressedImage
    sensor_msgs/msg/FluidPressure
    sensor_msgs/msg/Illuminance
    sensor_msgs/msg/Image
    sensor_msgs/msg/Imu
    sensor_msgs/msg/JointState
    sensor_msgs/msg/Joy
    sensor_msgs/msg/JoyFeedback
    sensor_msgs/msg/JoyFeedbackArray
    sensor_msgs/msg/LaserEcho
    sensor_msgs/msg/LaserScan
    sensor_msgs/msg/MagneticField
    sensor_msgs/msg/MultiDOFJointState
    sensor_msgs/msg/MultiEchoLaserScan
    sensor_msgs/msg/NavSatFix
    sensor_msgs/msg/NavSatStatus
    sensor_msgs/msg/PointCloud
    sensor_msgs/msg/PointCloud2
    sensor_msgs/msg/PointField
    sensor_msgs/msg/Range
    sensor_msgs/msg/RegionOfInterest
    sensor_msgs/msg/RelativeHumidity
    sensor_msgs/msg/Temperature
    sensor_msgs/msg/TimeReference
    shape_msgs/msg/Mesh
    shape_msgs/msg/MeshTriangle
    shape_msgs/msg/Plane
    shape_msgs/msg/SolidPrimitive
    statistics_msgs/msg/MetricsMessage
    statistics_msgs/msg/StatisticDataPoint
    statistics_msgs/msg/StatisticDataType
    std_msgs/msg/Bool
    std_msgs/msg/Byte
    std_msgs/msg/ByteMultiArray
    std_msgs/msg/Char
    std_msgs/msg/ColorRGBA
    std_msgs/msg/Empty
    std_msgs/msg/Float32
    std_msgs/msg/Float32MultiArray
    std_msgs/msg/Float64
    std_msgs/msg/Float64MultiArray
    std_msgs/msg/Header
    std_msgs/msg/Int16
    std_msgs/msg/Int16MultiArray
    std_msgs/msg/Int32
    std_msgs/msg/Int32MultiArray
    std_msgs/msg/Int64
    std_msgs/msg/Int64MultiArray
    std_msgs/msg/Int8
    std_msgs/msg/Int8MultiArray
    std_msgs/msg/MultiArrayDimension
    std_msgs/msg/MultiArrayLayout
    std_msgs/msg/String
    std_msgs/msg/UInt16
    std_msgs/msg/UInt16MultiArray
    std_msgs/msg/UInt32
    std_msgs/msg/UInt32MultiArray
    std_msgs/msg/UInt64
    std_msgs/msg/UInt64MultiArray
    std_msgs/msg/UInt8
    std_msgs/msg/UInt8MultiArray
    stereo_msgs/msg/DisparityImage
    tf2_msgs/msg/TF2Error
    tf2_msgs/msg/TFMessage
    trajectory_msgs/msg/JointTrajectory
    trajectory_msgs/msg/JointTrajectoryPoint
    trajectory_msgs/msg/MultiDOFJointTrajectory
    trajectory_msgs/msg/MultiDOFJointTrajectoryPoint
    unique_identifier_msgs/msg/UUID
    visualization_msgs/msg/ImageMarker
    visualization_msgs/msg/InteractiveMarker
    visualization_msgs/msg/InteractiveMarkerControl
    visualization_msgs/msg/InteractiveMarkerFeedback
    visualization_msgs/msg/InteractiveMarkerInit
    visualization_msgs/msg/InteractiveMarkerPose
    visualization_msgs/msg/InteractiveMarkerUpdate
    visualization_msgs/msg/Marker
    visualization_msgs/msg/MarkerArray
    visualization_msgs/msg/MenuEntry
Services:
    action_msgs/srv/CancelGoal
    composition_interfaces/srv/ListNodes
    composition_interfaces/srv/LoadNode
    composition_interfaces/srv/UnloadNode
    diagnostic_msgs/srv/AddDiagnostics
    diagnostic_msgs/srv/SelfTest
    lifecycle_msgs/srv/ChangeState
    lifecycle_msgs/srv/GetAvailableStates
    lifecycle_msgs/srv/GetAvailableTransitions
    lifecycle_msgs/srv/GetState
    map_msgs/srv/GetMapROI
    map_msgs/srv/GetPointMap
    map_msgs/srv/GetPointMapROI
    map_msgs/srv/ProjectedMapsInfo
    map_msgs/srv/SaveMap
    map_msgs/srv/SetMapProjections
    nav_msgs/srv/GetMap
    nav_msgs/srv/GetPlan
    nav_msgs/srv/SetMap
    rcl_interfaces/srv/DescribeParameters
    rcl_interfaces/srv/GetParameterTypes
    rcl_interfaces/srv/GetParameters
    rcl_interfaces/srv/ListParameters
    rcl_interfaces/srv/SetParameters
    rcl_interfaces/srv/SetParametersAtomically
    sensor_msgs/srv/SetCameraInfo
    std_srvs/srv/Empty
    std_srvs/srv/SetBool
    std_srvs/srv/Trigger
    tf2_msgs/srv/FrameGraph
    visualization_msgs/srv/GetInteractiveMarkers
Actions:
    tf2_msgs/action/LookupTransform


